// Jest Snapshot v1, https://goo.gl/fbAQLP

exports[`<Column /> should render Column 1`] = `
.c0 {
  grid-column: span 12;
}

@media screen and (max-width:992px) {
  .c0 {
    grid-column: span 12;
  }
}

<div>
  <div
    class="c0"
    size="12"
  >
    I am a Column
  </div>
</div>
`;
