// Jest Snapshot v1, https://goo.gl/fbAQLP

exports[`<Row /> should render Row 1`] = `
.c0 {
  display: grid;
  -webkit-column-gap: 20px;
  column-gap: 20px;
  row-gap: 32px;
  grid-template-columns: repeat(12,1fr);
}

<div>
  <div
    class="c0"
  >
    I am a Row
  </div>
</div>
`;
